case__90: 
datapath__28: 
case__55: 
muxpart__27: 
case__31: 
datapath__29: 
logic__62: 
case__98: 
logic__206: 
logic__248: 
case__101: 
case__2: 
case__64: 
BCD: 
datapath__11: 
case__16: 
case__29: 
logic__131: 
logic__212: 
Mux_3x8: 
datapath__17: 
case__108: 
case__78: 
datapath__54: 
logic__69: 
datapath__46: 
datapath__32: 
reg__1: 
logic__244: 
case__50: 
logic__167: 
datapath__13: 
logic__139: 
reg__12: 
logic__180: 
case__4: 
case__104: 
case__89: 
datapath__27: 
reg__9: 
muxpart__3: 
datapath__33: 
reg__4: 
case__65: 
CSR: 
case__54: 
muxpart__8: 
muxpart__30: 
case__51: 
logic__177: 
case__48: 
counter__2: 
datapath__7: 
case__12: 
reg__16: 
datapath__30: 
case__1: 
logic__264: 
case__33: 
reg__11: 
reg__15: 
logic__56: 
logic__194: 
logic__181: 
case__69: 
muxpart__33: 
datapath__58: 
datapath__3: 
muxpart__6: 
case__57: 
case__37: 
reg__19: 
logic__204: 
logic__166: 
logic__270: 
CathodeDriver: 
logic__172: 
muxpart__36: 
case__93: 
logic__178: 
case__96: 
logic__22: 
datapath__18: 
case__107: 
logic__169: 
datapath__45: 
case__63: 
logic__2: 
reg__14: 
case__41: 
case__80: 
muxpart__4: 
reg__18: 
case__100: 
datapath__1: 
case__53: 
case__40: 
datapath__39: 
logic__158: 
logic__151: 
logic__157: 
case__68: 
logic__108: 
reg__10: 
case__67: 
logic__211: 
logic__236: 
muxpart__1: 
logic__238: 
logic__192: 
Branch_Cond_Gen: 
datapath__40: 
datapath__21: 
datapath__55: 
case__106: 
logic__263: 
logic__170: 
case__52: 
logic__137: 
case__11: 
datapath__19: 
case__3: 
datapath__63: 
logic__1: 
case__43: 
StepperDriver: 
logic__201: 
logic__207: 
case__6: 
logic__54: 
logic__156: 
logic__240: 
reg__17: 
case__35: 
datapath__35: 
logic__179: 
case__109: 
logic__35: 
muxpart__14: 
reg__5: 
datapath__15: 
logic__39: 
muxpart__31: 
logic__183: 
datapath__26: 
reg__7: 
logic__165: 
case__70: 
datapath__14: 
logic__216: 
logic__257: 
logic__8: 
logic__191: 
muxpart__32: 
datapath__53: 
logic__111: 
logic__168: 
datapath__24: 
muxpart__37: 
logic__226: 
case__5: 
logic__223: 
logic__10: 
logic__104: 
logic__154: 
logic__150: 
case__38: 
logic__245: 
datapath__20: 
muxpart__9: 
datapath__22: 
logic__30: 
muxpart__28: 
muxpart__13: 
datapath__9: 
datapath__4: 
logic__235: 
logic__129: 
logic__252: 
case__76: 
RegFile: 
logic__123: 
case__59: 
logic__161: 
datapath__8: 
logic__148: 
logic__268: 
muxpart__12: 
logic__36: 
logic__149: 
logic__232: 
logic__11: 
logic__193: 
case__81: 
PC: 
logic__159: 
logic__118: 
logic__13: 
case__15: 
logic__152: 
case__103: 
Branch_Add_Gen: 
datapath__2: 
logic__247: 
Memory: 
case__13: 
datapath__57: 
logic__220: 
logic__138: 
logic__269: 
muxpart__11: 
case: 
case__79: 
datapath__44: 
logic__197: 
case__99: 
case__9: 
CU_FSM: 
case__92: 
case__66: 
logic__203: 
logic__239: 
logic__195: 
case__46: 
logic__9: 
case__42: 
datapath__41: 
logic__49: 
datapath__10: 
case__91: 
logic__261: 
logic__190: 
datapath__12: 
muxpart__38: 
reg__8: 
logic__160: 
logic__229: 
IMMED_GEN: 
OTTER_MCU: 
datapath__59: 
datapath__23: 
logic__143: 
muxpart: 
logic__42: 
reg: 
datapath__64: 
datapath__60: 
logic__127: 
datapath__42: 
OTTER_Wrapper: 
logic__110: 
case__105: 
muxpart__34: 
datapath__65: 
reg__6: 
case__97: 
ALU: 
case__36: 
case__44: 
datapath__61: 
case__102: 
muxpart__5: 
case__77: 
logic__70: 
muxpart__10: 
datapath: 
reg__20: 
datapath__56: 
datapath__6: 
datapath__34: 
DataIn: 
reg__13: 
logic__196: 
logic: 
logic__182: 
muxpart__29: 
Debouncer: 
muxpart__35: 
counter: 
logic__153: 
logic__200: 
case__94: 
logic__14: 
datapath__62: 
counter__1: 
case__47: 
logic__130: 
logic__135: 
logic__171: 
Mux_2x4: 
case__95: 
logic__60: 
datapath__52: 
datapath__31: 
logic__237: 
case__58: 
extram: 
datapath__43: 
case__14: 
logic__12: 
logic__262: 
case__45: 
logic__246: 
muxpart__7: 
case__8: 
logic__58: 
logic__67: 
logic__202: 
case__10: 
datapath__16: 
case__7: 
datapath__5: 
CU_DCDR: 
SevSegDisp: 
case__56: 
logic__164: 
logic__155: 
logic__208: 
