Copyright 1986-2022 Xilinx, Inc. All Rights Reserved.
--------------------------------------------------------------------------------------
| Tool Version : Vivado v.2022.1 (win64) Build 3526262 Mon Apr 18 15:48:16 MDT 2022
| Date         : Thu Mar 14 16:32:25 2024
| Host         : MSI running 64-bit major release  (build 9200)
| Command      : report_control_sets -verbose -file Gyro_Test_control_sets_placed.rpt
| Design       : Gyro_Test
| Device       : xc7a35ti
--------------------------------------------------------------------------------------

Control Set Information

Table of Contents
-----------------
1. Summary
2. Histogram
3. Flip-Flop Distribution
4. Detailed Control Set Information

1. Summary
----------

+----------------------------------------------------------+-------+
|                          Status                          | Count |
+----------------------------------------------------------+-------+
| Total control sets                                       |    29 |
|    Minimum number of control sets                        |    29 |
|    Addition due to synthesis replication                 |     0 |
|    Addition due to physical synthesis replication        |     0 |
| Unused register locations in slices containing registers |   181 |
+----------------------------------------------------------+-------+
* Control sets can be merged at opt_design using control_set_merge or merge_equivalent_drivers
** Run report_qor_suggestions for automated merging and remapping suggestions


2. Histogram
------------

+--------------------+-------+
|       Fanout       | Count |
+--------------------+-------+
| Total control sets |    29 |
| >= 0 to < 4        |    21 |
| >= 4 to < 6        |     2 |
| >= 6 to < 8        |     0 |
| >= 8 to < 10       |     3 |
| >= 10 to < 12      |     0 |
| >= 12 to < 14      |     0 |
| >= 14 to < 16      |     0 |
| >= 16              |     3 |
+--------------------+-------+
* Control sets can be remapped at either synth_design or opt_design


3. Flip-Flop Distribution
-------------------------

+--------------+-----------------------+------------------------+-----------------+--------------+
| Clock Enable | Synchronous Set/Reset | Asynchronous Set/Reset | Total Registers | Total Slices |
+--------------+-----------------------+------------------------+-----------------+--------------+
| No           | No                    | No                     |              52 |           32 |
| No           | No                    | Yes                    |               0 |            0 |
| No           | Yes                   | No                     |              37 |           10 |
| Yes          | No                    | No                     |              93 |           17 |
| Yes          | No                    | Yes                    |               0 |            0 |
| Yes          | Yes                   | No                     |               5 |            1 |
+--------------+-----------------------+------------------------+-----------------+--------------+


4. Detailed Control Set Information
-----------------------------------

+--------------------------------+---------------------------------------+------------------------------------------+------------------+----------------+--------------+
|          Clock Signal          |             Enable Signal             |             Set/Reset Signal             | Slice Load Count | Bel Load Count | Bels / Slice |
+--------------------------------+---------------------------------------+------------------------------------------+------------------+----------------+--------------+
|  Gyro_Reader/storeData__0[3]   |                                       |                                          |                1 |              1 |         1.00 |
|  Gyro_Reader/storeData__0[4]   |                                       |                                          |                1 |              1 |         1.00 |
|  Gyro_Reader/storeData__0[6]   |                                       |                                          |                1 |              1 |         1.00 |
|  Gyro_Reader/storeData__0[13]  |                                       |                                          |                1 |              1 |         1.00 |
|  Gyro_Reader/storeData__0[0]   |                                       |                                          |                1 |              1 |         1.00 |
|  Gyro_Reader/storeData__0[2]   |                                       |                                          |                1 |              1 |         1.00 |
|  Gyro_Reader/storeData__0[1]   |                                       |                                          |                1 |              1 |         1.00 |
|  Gyro_Reader/storeData__0[5]   |                                       |                                          |                1 |              1 |         1.00 |
|  Gyro_Reader/storeData__0[11]  |                                       |                                          |                1 |              1 |         1.00 |
|  Gyro_Reader/storeData__0[14]  |                                       |                                          |                1 |              1 |         1.00 |
|  Gyro_Reader/storeData__0[8]   |                                       |                                          |                1 |              1 |         1.00 |
|  Gyro_Reader/storeData__0[10]  |                                       |                                          |                1 |              1 |         1.00 |
|  Gyro_Reader/storeData__0[9]   |                                       |                                          |                1 |              1 |         1.00 |
|  Gyro_Reader/storeData__0[12]  |                                       |                                          |                1 |              1 |         1.00 |
|  Gyro_Reader/storeData__0[7]   |                                       |                                          |                1 |              1 |         1.00 |
|  Gyro_Reader/storeData__0[15]  |                                       |                                          |                1 |              1 |         1.00 |
|  FSM_onehot_PS_reg[90]_i_2_n_0 |                                       |                                          |                1 |              1 |         1.00 |
|  Gyro_Reader/SDA__0            |                                       |                                          |                1 |              1 |         1.00 |
|  SSG_DISP/CathMod/s_clk_500    |                                       | SSG_DISP/CathMod/Q[0]                    |                1 |              2 |         2.00 |
|  SSG_DISP/CathMod/s_clk_500    |                                       | SSG_DISP/CathMod/r_disp_digit[0]_i_1_n_0 |                1 |              2 |         2.00 |
|  FSM_onehot_PS_reg[90]_i_2_n_0 | Gyro_Reader/holdCount_0               |                                          |                1 |              2 |         2.00 |
|  CLK_IBUF_BUFG                 |                                       | Gyro_Reader/counterSCL[8]_i_1_n_0        |                1 |              4 |         4.00 |
|  FSM_onehot_PS_reg[90]_i_2_n_0 | Gyro_Reader/holdCount_0               | Gyro_Reader/holdCount[7]_i_1_n_0         |                1 |              5 |         5.00 |
|  SSG_DISP/CathMod/s_clk_500    |                                       |                                          |                5 |              9 |         1.80 |
|  CLK_IBUF_BUFG                 |                                       |                                          |                4 |              9 |         2.25 |
|  CLK_IBUF_BUFG                 |                                       | Gyro_Reader/sclClk                       |                2 |              9 |         4.50 |
|  Gyro_Reader/holdCount_0       |                                       |                                          |                5 |             16 |         3.20 |
|  CLK_IBUF_BUFG                 |                                       | SSG_DISP/CathMod/clear                   |                5 |             20 |         4.00 |
|  FSM_onehot_PS_reg[90]_i_2_n_0 | Gyro_Reader/FSM_onehot_PS[90]_i_1_n_0 |                                          |               16 |             91 |         5.69 |
+--------------------------------+---------------------------------------+------------------------------------------+------------------+----------------+--------------+


